// Jest Snapshot v1, https://goo.gl/fbAQLP

exports[`should render ratings correctly 1`] = `[Function]`;
